[zxnet.co.uk/spectrum/chaos/asm/index.html]
[backblue.gif]
[fade.gif]
[index.html]
[zxnet.co.uk/icons/blank.gif]
[zxnet.co.uk/icons/back.gif]
[zxnet.co.uk/icons/text.gif]
[zxnet.co.uk/spectrum/chaos/asm/7D00.html]
[zxnet.co.uk/spectrum/chaos/asm/7D03.html]
[zxnet.co.uk/spectrum/chaos/asm/indexc052.html]
[zxnet.co.uk/spectrum/chaos/asm/7D04.html]
[zxnet.co.uk/spectrum/chaos/asm/7D60.html]
[zxnet.co.uk/spectrum/chaos/asm/7F27.html]
[zxnet.co.uk/spectrum/chaos/asm/indexf8a0.html]
[zxnet.co.uk/spectrum/chaos/asm/7F47.html]
[zxnet.co.uk/spectrum/chaos/asm/8F8B.html]
[zxnet.co.uk/spectrum/chaos/asm/8F9A.html]
[zxnet.co.uk/spectrum/chaos/asm/9ADD.html]
[zxnet.co.uk/spectrum/chaos/asm/indexbfec.html]
[zxnet.co.uk/spectrum/chaos/asm/9B76.html]
[zxnet.co.uk/spectrum/chaos/asm/9B85.html]
[zxnet.co.uk/spectrum/chaos/asm/9BB3.html]
[zxnet.co.uk/spectrum/chaos/asm/index30b5.html]
[zxnet.co.uk/spectrum/chaos/asm/9C0E.html]
[zxnet.co.uk/spectrum/chaos/asm/9C0F.html]
[zxnet.co.uk/spectrum/chaos/asm/9C59.html]
[zxnet.co.uk/spectrum/chaos/asm/9DE0.html]
[zxnet.co.uk/spectrum/chaos/asm/9F50.html]
[zxnet.co.uk/spectrum/chaos/asm/80B0.html]
[zxnet.co.uk/spectrum/chaos/asm/82C0.html]
[zxnet.co.uk/spectrum/chaos/asm/83D0.html]
[zxnet.co.uk/spectrum/chaos/asm/84B0.html]
[zxnet.co.uk/spectrum/chaos/asm/84C0.html]
[zxnet.co.uk/spectrum/chaos/asm/84F7.html]
[zxnet.co.uk/spectrum/chaos/asm/85F6.html]
[zxnet.co.uk/spectrum/chaos/asm/86C3.html]
[zxnet.co.uk/spectrum/chaos/asm/86EF.html]
[zxnet.co.uk/spectrum/chaos/asm/87EF.html]
[zxnet.co.uk/spectrum/chaos/asm/89A7.html]
[zxnet.co.uk/spectrum/chaos/asm/89A8.html]
[zxnet.co.uk/spectrum/chaos/asm/89A9.html]
[zxnet.co.uk/spectrum/chaos/asm/89AA.html]
[zxnet.co.uk/spectrum/chaos/asm/89AC.html]
[zxnet.co.uk/spectrum/chaos/asm/89AE.html]
[zxnet.co.uk/spectrum/chaos/asm/89AF.html]
[zxnet.co.uk/spectrum/chaos/asm/89B0.html]
[zxnet.co.uk/spectrum/chaos/asm/89EF.html]
[zxnet.co.uk/spectrum/chaos/asm/89F9.html]
[zxnet.co.uk/spectrum/chaos/asm/90D7.html]
[zxnet.co.uk/spectrum/chaos/asm/90DF.html]
[zxnet.co.uk/spectrum/chaos/asm/90E0.html]
[zxnet.co.uk/spectrum/chaos/asm/90F0.html]
[zxnet.co.uk/spectrum/chaos/asm/92AA.html]
[zxnet.co.uk/spectrum/chaos/asm/92BE.html]
[zxnet.co.uk/spectrum/chaos/asm/92F9.html]
[zxnet.co.uk/spectrum/chaos/asm/94A7.html]
[zxnet.co.uk/spectrum/chaos/asm/95B8.html]
[zxnet.co.uk/spectrum/chaos/asm/95C7.html]
[zxnet.co.uk/spectrum/chaos/asm/96D1.html]
[zxnet.co.uk/spectrum/chaos/asm/96E6.html]
[zxnet.co.uk/spectrum/chaos/asm/96F3.html]
[zxnet.co.uk/spectrum/chaos/asm/97A3.html]
[zxnet.co.uk/spectrum/chaos/asm/97CE.html]
[zxnet.co.uk/spectrum/chaos/asm/97CF.html]
[zxnet.co.uk/spectrum/chaos/asm/97D1.html]
[zxnet.co.uk/spectrum/chaos/asm/98DB.html]
[zxnet.co.uk/spectrum/chaos/asm/98F1.html]
[zxnet.co.uk/spectrum/chaos/asm/99F1.html]
[zxnet.co.uk/spectrum/chaos/asm/831F.html]
[zxnet.co.uk/spectrum/chaos/asm/834B.html]
[zxnet.co.uk/spectrum/chaos/asm/836A.html]
[zxnet.co.uk/spectrum/chaos/asm/839C.html]
[zxnet.co.uk/spectrum/chaos/asm/846A.html]
[zxnet.co.uk/spectrum/chaos/asm/873C.html]
[zxnet.co.uk/spectrum/chaos/asm/873D.html]
[zxnet.co.uk/spectrum/chaos/asm/873E.html]
[zxnet.co.uk/spectrum/chaos/asm/873F.html]
[zxnet.co.uk/spectrum/chaos/asm/903E.html]
[zxnet.co.uk/spectrum/chaos/asm/904A.html]
[zxnet.co.uk/spectrum/chaos/asm/904B.html]
[zxnet.co.uk/spectrum/chaos/asm/907A.html]
[zxnet.co.uk/spectrum/chaos/asm/907B.html]
[zxnet.co.uk/spectrum/chaos/asm/909F.html]
[zxnet.co.uk/spectrum/chaos/asm/910D.html]
[zxnet.co.uk/spectrum/chaos/asm/912B.html]
[zxnet.co.uk/spectrum/chaos/asm/913F.html]
[zxnet.co.uk/spectrum/chaos/asm/937B.html]
[zxnet.co.uk/spectrum/chaos/asm/937C.html]
[zxnet.co.uk/spectrum/chaos/asm/937E.html]
[zxnet.co.uk/spectrum/chaos/asm/937F.html]
[zxnet.co.uk/spectrum/chaos/asm/967A.html]
[zxnet.co.uk/spectrum/chaos/asm/975F.html]
[zxnet.co.uk/spectrum/chaos/asm/980E.html]
[zxnet.co.uk/spectrum/chaos/asm/981A.html]
[zxnet.co.uk/spectrum/chaos/asm/8087.html]
[zxnet.co.uk/spectrum/chaos/asm/8290.html]
[zxnet.co.uk/spectrum/chaos/asm/8300.html]
[zxnet.co.uk/spectrum/chaos/asm/8321.html]
[zxnet.co.uk/spectrum/chaos/asm/8323.html]
[zxnet.co.uk/spectrum/chaos/asm/8324.html]
[zxnet.co.uk/spectrum/chaos/asm/8357.html]
[zxnet.co.uk/spectrum/chaos/asm/8404.html]
[zxnet.co.uk/spectrum/chaos/asm/8438.html]
[zxnet.co.uk/spectrum/chaos/asm/8740.html]
[zxnet.co.uk/spectrum/chaos/asm/8741.html]
[zxnet.co.uk/spectrum/chaos/asm/8809.html]
[zxnet.co.uk/spectrum/chaos/asm/8859.html]
[zxnet.co.uk/spectrum/chaos/asm/9046.html]
[zxnet.co.uk/spectrum/chaos/asm/9049.html]
[zxnet.co.uk/spectrum/chaos/asm/9117.html]
[zxnet.co.uk/spectrum/chaos/asm/9121.html]
[zxnet.co.uk/spectrum/chaos/asm/9135.html]
[zxnet.co.uk/spectrum/chaos/asm/9149.html]
[zxnet.co.uk/spectrum/chaos/asm/9153.html]
[zxnet.co.uk/spectrum/chaos/asm/9154.html]
[zxnet.co.uk/spectrum/chaos/asm/9156.html]
[zxnet.co.uk/spectrum/chaos/asm/9166.html]
[zxnet.co.uk/spectrum/chaos/asm/9167.html]
[zxnet.co.uk/spectrum/chaos/asm/9168.html]
[zxnet.co.uk/spectrum/chaos/asm/9380.html]
[zxnet.co.uk/spectrum/chaos/asm/9382.html]
[zxnet.co.uk/spectrum/chaos/asm/9384.html]
[zxnet.co.uk/spectrum/chaos/asm/9385.html]
[zxnet.co.uk/spectrum/chaos/asm/9760.html]
[zxnet.co.uk/spectrum/chaos/asm/9786.html]
[zxnet.co.uk/spectrum/chaos/asm/9940.html]
[zxnet.co.uk/spectrum/chaos/asm/9941.html]
[zxnet.co.uk/spectrum/chaos/asm/9975.html]
[zxnet.co.uk/spectrum/chaos/asm/A1E6.html]
[zxnet.co.uk/spectrum/chaos/asm/A1E8.html]
[zxnet.co.uk/spectrum/chaos/asm/A17E.html]
[zxnet.co.uk/spectrum/chaos/asm/A18A.html]
[zxnet.co.uk/spectrum/chaos/asm/A20C.html]
[zxnet.co.uk/spectrum/chaos/asm/A172.html]
[zxnet.co.uk/spectrum/chaos/asm/A173.html]
[zxnet.co.uk/spectrum/chaos/asm/A188.html]
[zxnet.co.uk/spectrum/chaos/asm/A345.html]
[zxnet.co.uk/spectrum/chaos/asm/A425.html]
[zxnet.co.uk/spectrum/chaos/asm/ABFC.html]
[zxnet.co.uk/spectrum/chaos/asm/ABFD.html]
[zxnet.co.uk/spectrum/chaos/asm/ABFF.html]
[zxnet.co.uk/spectrum/chaos/asm/AC0A.html]
[zxnet.co.uk/spectrum/chaos/asm/AC0C.html]
[zxnet.co.uk/spectrum/chaos/asm/AC0D.html]
[zxnet.co.uk/spectrum/chaos/asm/AC0E.html]
[zxnet.co.uk/spectrum/chaos/asm/AC0F.html]
[zxnet.co.uk/spectrum/chaos/asm/AC00.html]
[zxnet.co.uk/spectrum/chaos/asm/AC01.html]
[zxnet.co.uk/spectrum/chaos/asm/AC02.html]
[zxnet.co.uk/spectrum/chaos/asm/AC03.html]
[zxnet.co.uk/spectrum/chaos/asm/AC04.html]
[zxnet.co.uk/spectrum/chaos/asm/AC06.html]
[zxnet.co.uk/spectrum/chaos/asm/AC07.html]
[zxnet.co.uk/spectrum/chaos/asm/AC08.html]
[zxnet.co.uk/spectrum/chaos/asm/AC09.html]
[zxnet.co.uk/spectrum/chaos/asm/AC1E.html]
[zxnet.co.uk/spectrum/chaos/asm/AC2E.html]
[zxnet.co.uk/spectrum/chaos/asm/AC2F.html]
[zxnet.co.uk/spectrum/chaos/asm/AC10.html]
[zxnet.co.uk/spectrum/chaos/asm/AC11.html]
[zxnet.co.uk/spectrum/chaos/asm/AC12.html]
[zxnet.co.uk/spectrum/chaos/asm/AC14.html]
[zxnet.co.uk/spectrum/chaos/asm/AC16.html]
[zxnet.co.uk/spectrum/chaos/asm/AC26.html]
[zxnet.co.uk/spectrum/chaos/asm/AC30.html]
[zxnet.co.uk/spectrum/chaos/asm/AC31.html]
[zxnet.co.uk/spectrum/chaos/asm/AC32.html]
[zxnet.co.uk/spectrum/chaos/asm/AC33.html]
[zxnet.co.uk/spectrum/chaos/asm/AC34.html]
[zxnet.co.uk/spectrum/chaos/asm/AC35.html]
[zxnet.co.uk/spectrum/chaos/asm/AC36.html]
[zxnet.co.uk/spectrum/chaos/asm/ACC6.html]
[zxnet.co.uk/spectrum/chaos/asm/ACED.html]
[zxnet.co.uk/spectrum/chaos/asm/AECC.html]
[zxnet.co.uk/spectrum/chaos/asm/B0A8.html]
[zxnet.co.uk/spectrum/chaos/asm/B3C3.html]
[zxnet.co.uk/spectrum/chaos/asm/B3C4.html]
[zxnet.co.uk/spectrum/chaos/asm/B3C5.html]
[zxnet.co.uk/spectrum/chaos/asm/B3C6.html]
[zxnet.co.uk/spectrum/chaos/asm/B3C7.html]
[zxnet.co.uk/spectrum/chaos/asm/B3C9.html]
[zxnet.co.uk/spectrum/chaos/asm/B7D3.html]
[zxnet.co.uk/spectrum/chaos/asm/B7FD.html]
[zxnet.co.uk/spectrum/chaos/asm/B8BD.html]
[zxnet.co.uk/spectrum/chaos/asm/B8DD.html]
[zxnet.co.uk/spectrum/chaos/asm/B60B.html]
[zxnet.co.uk/spectrum/chaos/asm/B60C.html]
[zxnet.co.uk/spectrum/chaos/asm/B60D.html]
[zxnet.co.uk/spectrum/chaos/asm/B76A.html]
[zxnet.co.uk/spectrum/chaos/asm/B76B.html]
[zxnet.co.uk/spectrum/chaos/asm/B76D.html]
[zxnet.co.uk/spectrum/chaos/asm/B81C.html]
[zxnet.co.uk/spectrum/chaos/asm/B161.html]
[zxnet.co.uk/spectrum/chaos/asm/B162.html]
[zxnet.co.uk/spectrum/chaos/asm/B163.html]
[zxnet.co.uk/spectrum/chaos/asm/B164.html]
[zxnet.co.uk/spectrum/chaos/asm/B165.html]
[zxnet.co.uk/spectrum/chaos/asm/B166.html]
[zxnet.co.uk/spectrum/chaos/asm/B168.html]
[zxnet.co.uk/spectrum/chaos/asm/B374.html]
[zxnet.co.uk/spectrum/chaos/asm/B375.html]
[zxnet.co.uk/spectrum/chaos/asm/B626.html]
[zxnet.co.uk/spectrum/chaos/asm/B746.html]
[zxnet.co.uk/spectrum/chaos/asm/B754.html]
[zxnet.co.uk/spectrum/chaos/asm/B755.html]
[zxnet.co.uk/spectrum/chaos/asm/B769.html]
[zxnet.co.uk/spectrum/chaos/asm/B844.html]
[zxnet.co.uk/spectrum/chaos/asm/B845.html]
[zxnet.co.uk/spectrum/chaos/asm/BA75.html]
[zxnet.co.uk/spectrum/chaos/asm/BA77.html]
[zxnet.co.uk/spectrum/chaos/asm/BABE.html]
[zxnet.co.uk/spectrum/chaos/asm/BAD6.html]
[zxnet.co.uk/spectrum/chaos/asm/BAEE.html]
[zxnet.co.uk/spectrum/chaos/asm/BAFB.html]
[zxnet.co.uk/spectrum/chaos/asm/BB15.html]
[zxnet.co.uk/spectrum/chaos/asm/BB55.html]
[zxnet.co.uk/spectrum/chaos/asm/BB57.html]
[zxnet.co.uk/spectrum/chaos/asm/BBB0.html]
[zxnet.co.uk/spectrum/chaos/asm/BBCC.html]
[zxnet.co.uk/spectrum/chaos/asm/BBE7.html]
[zxnet.co.uk/spectrum/chaos/asm/BC6C.html]
[zxnet.co.uk/spectrum/chaos/asm/BC7D.html]
[zxnet.co.uk/spectrum/chaos/asm/BC8D.html]
[zxnet.co.uk/spectrum/chaos/asm/BC72.html]
[zxnet.co.uk/spectrum/chaos/asm/BC83.html]
[zxnet.co.uk/spectrum/chaos/asm/BC94.html]
[zxnet.co.uk/spectrum/chaos/asm/BC96.html]
[zxnet.co.uk/spectrum/chaos/asm/BDA5.html]
[zxnet.co.uk/spectrum/chaos/asm/BDD1.html]
[zxnet.co.uk/spectrum/chaos/asm/BDE7.html]
[zxnet.co.uk/spectrum/chaos/asm/BE0A.html]
[zxnet.co.uk/spectrum/chaos/asm/BE21.html]
[zxnet.co.uk/spectrum/chaos/asm/BE52.html]
[zxnet.co.uk/spectrum/chaos/asm/BE94.html]
[zxnet.co.uk/spectrum/chaos/asm/BEB2.html]
[zxnet.co.uk/spectrum/chaos/asm/BED7.html]
[zxnet.co.uk/spectrum/chaos/asm/BEE8.html]
[zxnet.co.uk/spectrum/chaos/asm/BEE9.html]
[zxnet.co.uk/spectrum/chaos/asm/BEEB.html]
[zxnet.co.uk/spectrum/chaos/asm/BEED.html]
[zxnet.co.uk/spectrum/chaos/asm/BEEE.html]
[zxnet.co.uk/spectrum/chaos/asm/BEEF.html]
[zxnet.co.uk/spectrum/chaos/asm/BF37.html]
[zxnet.co.uk/spectrum/chaos/asm/BFB7.html]
[zxnet.co.uk/spectrum/chaos/asm/C0D7.html]
[zxnet.co.uk/spectrum/chaos/asm/C0D8.html]
[zxnet.co.uk/spectrum/chaos/asm/C0DD.html]
[zxnet.co.uk/spectrum/chaos/asm/C2A7.html]
[zxnet.co.uk/spectrum/chaos/asm/C2B1.html]
[zxnet.co.uk/spectrum/chaos/asm/C2BB.html]
[zxnet.co.uk/spectrum/chaos/asm/C2C5.html]
[zxnet.co.uk/spectrum/chaos/asm/C2CF.html]
[zxnet.co.uk/spectrum/chaos/asm/C2D9.html]
[zxnet.co.uk/spectrum/chaos/asm/C2E3.html]
[zxnet.co.uk/spectrum/chaos/asm/C2E8.html]
[zxnet.co.uk/spectrum/chaos/asm/C2F2.html]
[zxnet.co.uk/spectrum/chaos/asm/C2F3.html]
[zxnet.co.uk/spectrum/chaos/asm/C2F5.html]
[zxnet.co.uk/spectrum/chaos/asm/C2F6.html]
[zxnet.co.uk/spectrum/chaos/asm/C3A0.html]
[zxnet.co.uk/spectrum/chaos/asm/C3A1.html]
[zxnet.co.uk/spectrum/chaos/asm/C3A2.html]
[zxnet.co.uk/spectrum/chaos/asm/C3A3.html]
[zxnet.co.uk/spectrum/chaos/asm/C3A4.html]
[zxnet.co.uk/spectrum/chaos/asm/C3A5.html]
[zxnet.co.uk/spectrum/chaos/asm/C3B3.html]
[zxnet.co.uk/spectrum/chaos/asm/C5EE.html]
[zxnet.co.uk/spectrum/chaos/asm/C5FC.html]
[zxnet.co.uk/spectrum/chaos/asm/C6D4.html]
[zxnet.co.uk/spectrum/chaos/asm/C7BB.html]
[zxnet.co.uk/spectrum/chaos/asm/C7BC.html]
[zxnet.co.uk/spectrum/chaos/asm/C8B7.html]
[zxnet.co.uk/spectrum/chaos/asm/C8B9.html]
[zxnet.co.uk/spectrum/chaos/asm/C8C7.html]
[zxnet.co.uk/spectrum/chaos/asm/C9D4.html]
[zxnet.co.uk/spectrum/chaos/asm/C24D.html]
[zxnet.co.uk/spectrum/chaos/asm/C26B.html]
[zxnet.co.uk/spectrum/chaos/asm/C27F.html]
[zxnet.co.uk/spectrum/chaos/asm/C29D.html]
[zxnet.co.uk/spectrum/chaos/asm/C33A.html]
[zxnet.co.uk/spectrum/chaos/asm/C33D.html]
[zxnet.co.uk/spectrum/chaos/asm/C39D.html]
[zxnet.co.uk/spectrum/chaos/asm/C39E.html]
[zxnet.co.uk/spectrum/chaos/asm/C39F.html]
[zxnet.co.uk/spectrum/chaos/asm/C63D.html]
[zxnet.co.uk/spectrum/chaos/asm/C64B.html]
[zxnet.co.uk/spectrum/chaos/asm/C64C.html]
[zxnet.co.uk/spectrum/chaos/asm/C67A.html]
[zxnet.co.uk/spectrum/chaos/asm/C78B.html]
[zxnet.co.uk/spectrum/chaos/asm/C78D.html]
[zxnet.co.uk/spectrum/chaos/asm/C123.html]
[zxnet.co.uk/spectrum/chaos/asm/C243.html]
[zxnet.co.uk/spectrum/chaos/asm/C257.html]
[zxnet.co.uk/spectrum/chaos/asm/C261.html]
[zxnet.co.uk/spectrum/chaos/asm/C275.html]
[zxnet.co.uk/spectrum/chaos/asm/C289.html]
[zxnet.co.uk/spectrum/chaos/asm/C293.html]
[zxnet.co.uk/spectrum/chaos/asm/C612.html]
[zxnet.co.uk/spectrum/chaos/asm/C649.html]
[zxnet.co.uk/spectrum/chaos/asm/C679.html]
[zxnet.co.uk/spectrum/chaos/asm/C703.html]
[zxnet.co.uk/spectrum/chaos/asm/C710.html]
[zxnet.co.uk/spectrum/chaos/asm/C825.html]
[zxnet.co.uk/spectrum/chaos/asm/C858.html]
[zxnet.co.uk/spectrum/chaos/asm/C859.html]
[zxnet.co.uk/spectrum/chaos/asm/C955.html]
[zxnet.co.uk/spectrum/chaos/asm/CA7C.html]
[zxnet.co.uk/spectrum/chaos/asm/CA16.html]
[zxnet.co.uk/spectrum/chaos/asm/CA18.html]
[zxnet.co.uk/spectrum/chaos/asm/CA19.html]
[zxnet.co.uk/spectrum/chaos/asm/CA92.html]
[zxnet.co.uk/spectrum/chaos/asm/CBB8.html]
[zxnet.co.uk/spectrum/chaos/asm/CBB9.html]
[zxnet.co.uk/spectrum/chaos/asm/CBC7.html]
[zxnet.co.uk/spectrum/chaos/asm/CC55.html]
[zxnet.co.uk/spectrum/chaos/asm/CC56.html]
[zxnet.co.uk/spectrum/chaos/asm/CCC3.html]
[zxnet.co.uk/spectrum/chaos/asm/CD2A.html]
[zxnet.co.uk/spectrum/chaos/asm/CD3A.html]
[zxnet.co.uk/spectrum/chaos/asm/CD3C.html]
[zxnet.co.uk/spectrum/chaos/asm/CD86.html]
[zxnet.co.uk/spectrum/chaos/asm/CD88.html]
[zxnet.co.uk/spectrum/chaos/asm/CD90.html]
[zxnet.co.uk/spectrum/chaos/asm/CD92.html]
[zxnet.co.uk/spectrum/chaos/asm/CDAA.html]
[zxnet.co.uk/spectrum/chaos/asm/CDB8.html]
[zxnet.co.uk/spectrum/chaos/asm/CDC0.html]
[zxnet.co.uk/spectrum/chaos/asm/CDD3.html]
[zxnet.co.uk/spectrum/chaos/asm/CFCB.html]
[zxnet.co.uk/spectrum/chaos/asm/D3F0.html]
[zxnet.co.uk/spectrum/chaos/asm/D3F2.html]
[zxnet.co.uk/spectrum/chaos/asm/D5EC.html]
[zxnet.co.uk/spectrum/chaos/asm/D7A6.html]
[zxnet.co.uk/spectrum/chaos/asm/D7EE.html]
[zxnet.co.uk/spectrum/chaos/asm/D8DE.html]
[zxnet.co.uk/spectrum/chaos/asm/D52E.html]
[zxnet.co.uk/spectrum/chaos/asm/D82D.html]
[zxnet.co.uk/spectrum/chaos/asm/D391.html]
[zxnet.co.uk/spectrum/chaos/asm/D392.html]
[zxnet.co.uk/spectrum/chaos/asm/D588.html]
[zxnet.co.uk/spectrum/chaos/asm/D602.html]
[zxnet.co.uk/spectrum/chaos/asm/D651.html]
[zxnet.co.uk/spectrum/chaos/asm/D652.html]
[zxnet.co.uk/spectrum/chaos/asm/D686.html]
[zxnet.co.uk/spectrum/chaos/asm/D702.html]
[zxnet.co.uk/spectrum/chaos/asm/D732.html]
[zxnet.co.uk/spectrum/chaos/asm/D763.html]
[zxnet.co.uk/spectrum/chaos/asm/D887.html]
[zxnet.co.uk/spectrum/chaos/asm/D908.html]
[zxnet.co.uk/spectrum/chaos/asm/DF0C.html]
[zxnet.co.uk/spectrum/chaos/asm/DF0F.html]
[zxnet.co.uk/spectrum/chaos/asm/DF08.html]
[zxnet.co.uk/spectrum/chaos/asm/DF4A.html]
[zxnet.co.uk/spectrum/chaos/asm/DF4C.html]
[zxnet.co.uk/spectrum/chaos/asm/DF4E.html]
[zxnet.co.uk/spectrum/chaos/asm/DF47.html]
[zxnet.co.uk/spectrum/chaos/asm/DF72.html]
[zxnet.co.uk/spectrum/chaos/asm/E0C0.html]
[zxnet.co.uk/spectrum/chaos/asm/E005.html]
[zxnet.co.uk/spectrum/chaos/asm/E007.html]
[zxnet.co.uk/spectrum/chaos/asm/E01F.html]
[zxnet.co.uk/spectrum/chaos/asm/E2A0.html]
[zxnet.co.uk/spectrum/chaos/asm/E3E0.html]
[zxnet.co.uk/spectrum/chaos/asm/E160.html]
[zxnet.co.uk/spectrum/chaos/asm/E200.html]
[zxnet.co.uk/spectrum/chaos/asm/E340.html]
[zxnet.co.uk/spectrum/chaos/asm/E440.html]
[zxnet.co.uk/spectrum/chaos/asm/EA39.html]
[zxnet.co.uk/spectrum/chaos/asm/EB51.html]
[zxnet.co.uk/spectrum/chaos/asm/FD34.html]
[zxnet.co.uk/spectrum/chaos/asm/FE5D.html]
[zxnet.co.uk/spectrum/chaos/asm/FE34.html]
[zxnet.co.uk/spectrum/chaos/asm/FE56.html]
[zxnet.co.uk/spectrum/chaos/asm/FE60.html]
[zxnet.co.uk/spectrum/chaos/asm/FE67.html]
[zxnet.co.uk/spectrum/chaos/asm/FE69.html]
[zxnet.co.uk/spectrum/chaos/asm/FE71.html]
[zxnet.co.uk/spectrum/chaos/asm/index.html]
[zxnet.co.uk/spectrum/chaos/asm/FFFF.html]
[zxnet.co.uk/spectrum/chaos/asm/indexc052.html]
[zxnet.co.uk/spectrum/chaos/asm/indexf8a0.html]
[zxnet.co.uk/spectrum/chaos/asm/indexbfec.html]
[zxnet.co.uk/spectrum/chaos/asm/index30b5.html]
[zxnet.co.uk/spectrum/chaos/asm/indexb70a.html]
[zxnet.co.uk/spectrum/chaos/asm/index72c9.html]
[zxnet.co.uk/spectrum/chaos/asm/index5851.html]
[zxnet.co.uk/spectrum/chaos/asm/indexad3f.html]
[zxnet.co.uk/spectrum/chaos/skoolkit.css]
[zxnet.co.uk/spectrum/chaos/skoolkit-zxnet.css]
[zxnet.co.uk/spectrum/chaos/images/logo.png]
[zxnet.co.uk/spectrum/chaos/asm/7D00.html]
[zxnet.co.uk/spectrum/chaos/asm/7D03.html]
[zxnet.co.uk/spectrum/chaos/asm/7D04.html]
[zxnet.co.uk/spectrum/chaos/asm/7D60.html]
[zxnet.co.uk/spectrum/chaos/images/udgs/scursorsprite.png]
[zxnet.co.uk/spectrum/chaos/asm/7F27.html]
[zxnet.co.uk/spectrum/chaos/asm/7F47.html]
[zxnet.co.uk/spectrum/chaos/asm/8F8B.html]
[zxnet.co.uk/spectrum/chaos/asm/8F9A.html]
[zxnet.co.uk/spectrum/chaos/asm/9ADD.html]
[zxnet.co.uk/spectrum/chaos/asm/9B76.html]
[zxnet.co.uk/spectrum/chaos/asm/9B85.html]
[zxnet.co.uk/spectrum/chaos/asm/9BB3.html]
[zxnet.co.uk/spectrum/chaos/asm/9C0E.html]
[zxnet.co.uk/spectrum/chaos/asm/9C0F.html]
[zxnet.co.uk/spectrum/chaos/asm/9C59.html]
[zxnet.co.uk/spectrum/chaos/asm/9DE0.html]
[zxnet.co.uk/spectrum/chaos/asm/9F50.html]
[zxnet.co.uk/spectrum/chaos/images/udgs/modwizardsprite0.png]
[zxnet.co.uk/spectrum/chaos/images/udgs/modwizardsprite1.png]
[zxnet.co.uk/spectrum/chaos/images/udgs/modwizardsprite2.png]
[zxnet.co.uk/spectrum/chaos/images/udgs/modwizardsprite3.png]
[zxnet.co.uk/spectrum/chaos/images/udgs/modwizardsprite4.png]
[zxnet.co.uk/spectrum/chaos/images/udgs/modwizardsprite5.png]
[zxnet.co.uk/spectrum/chaos/images/udgs/modwizardsprite6.png]
[zxnet.co.uk/spectrum/chaos/images/udgs/modwizardsprite7.png]
[zxnet.co.uk/spectrum/chaos/images/udgs/modwizardsprite8.png]
[zxnet.co.uk/spectrum/chaos/images/udgs/modwizardsprite9.png]
[zxnet.co.uk/spectrum/chaos/images/udgs/modwizardspriteA.png]
[zxnet.co.uk/spectrum/chaos/images/udgs/modwizardspriteB.png]
[zxnet.co.uk/spectrum/chaos/images/udgs/modwizardspriteC.png]
[zxnet.co.uk/spectrum/chaos/images/udgs/modwizardspriteD.png]
[zxnet.co.uk/spectrum/chaos/asm/80B0.html]
[zxnet.co.uk/spectrum/chaos/images/udgs/modwizardspriteE.png]
[zxnet.co.uk/spectrum/chaos/asm/82C0.html]
[zxnet.co.uk/spectrum/chaos/asm/83D0.html]
[zxnet.co.uk/spectrum/chaos/asm/84B0.html]
[zxnet.co.uk/spectrum/chaos/asm/84C0.html]
[zxnet.co.uk/spectrum/chaos/asm/84F7.html]
[zxnet.co.uk/spectrum/chaos/asm/85F6.html]
[zxnet.co.uk/spectrum/chaos/asm/86C3.html]
[zxnet.co.uk/spectrum/chaos/asm/86EF.html]
[zxnet.co.uk/spectrum/chaos/asm/87EF.html]
[zxnet.co.uk/spectrum/chaos/asm/89A7.html]
[zxnet.co.uk/spectrum/chaos/asm/89A8.html]
[zxnet.co.uk/spectrum/chaos/asm/89A9.html]
[zxnet.co.uk/spectrum/chaos/asm/89AA.html]
[zxnet.co.uk/spectrum/chaos/asm/89AC.html]
[zxnet.co.uk/spectrum/chaos/asm/89AE.html]
[zxnet.co.uk/spectrum/chaos/asm/89AF.html]
[zxnet.co.uk/spectrum/chaos/asm/89B0.html]
[zxnet.co.uk/spectrum/chaos/asm/89EF.html]
[zxnet.co.uk/spectrum/chaos/asm/89F9.html]
[zxnet.co.uk/spectrum/chaos/asm/90D7.html]
[zxnet.co.uk/spectrum/chaos/asm/90DF.html]
[zxnet.co.uk/spectrum/chaos/asm/90E0.html]
[zxnet.co.uk/spectrum/chaos/asm/90F0.html]
[zxnet.co.uk/spectrum/chaos/asm/92AA.html]
[zxnet.co.uk/spectrum/chaos/asm/92BE.html]
[zxnet.co.uk/spectrum/chaos/asm/92F9.html]
[zxnet.co.uk/spectrum/chaos/asm/94A7.html]
[zxnet.co.uk/spectrum/chaos/asm/95B8.html]
[zxnet.co.uk/spectrum/chaos/asm/95C7.html]
[zxnet.co.uk/spectrum/chaos/asm/96D1.html]
[zxnet.co.uk/spectrum/chaos/asm/96E6.html]
[zxnet.co.uk/spectrum/chaos/asm/96F3.html]
[zxnet.co.uk/spectrum/chaos/asm/97A3.html]
[zxnet.co.uk/spectrum/chaos/asm/97CE.html]
[zxnet.co.uk/spectrum/chaos/asm/97CF.html]
[zxnet.co.uk/spectrum/chaos/asm/97D1.html]
[zxnet.co.uk/spectrum/chaos/asm/98DB.html]
[zxnet.co.uk/spectrum/chaos/asm/98F1.html]
[zxnet.co.uk/spectrum/chaos/asm/99F1.html]
[zxnet.co.uk/spectrum/chaos/asm/831F.html]
[zxnet.co.uk/spectrum/chaos/asm/834B.html]
[zxnet.co.uk/spectrum/chaos/asm/836A.html]
[zxnet.co.uk/spectrum/chaos/asm/839C.html]
[zxnet.co.uk/spectrum/chaos/asm/846A.html]
[zxnet.co.uk/spectrum/chaos/asm/873C.html]
[zxnet.co.uk/spectrum/chaos/asm/873D.html]
[zxnet.co.uk/spectrum/chaos/asm/873E.html]
[zxnet.co.uk/spectrum/chaos/asm/873F.html]
[zxnet.co.uk/spectrum/chaos/asm/903E.html]
[zxnet.co.uk/spectrum/chaos/asm/904A.html]
[zxnet.co.uk/spectrum/chaos/asm/904B.html]
[zxnet.co.uk/spectrum/chaos/asm/907A.html]
[zxnet.co.uk/spectrum/chaos/asm/907B.html]
[zxnet.co.uk/spectrum/chaos/asm/909F.html]
[zxnet.co.uk/spectrum/chaos/asm/910D.html]
[zxnet.co.uk/spectrum/chaos/asm/912B.html]
[zxnet.co.uk/spectrum/chaos/asm/913F.html]
[zxnet.co.uk/spectrum/chaos/asm/937B.html]
[zxnet.co.uk/spectrum/chaos/asm/937C.html]
[zxnet.co.uk/spectrum/chaos/asm/937E.html]
[zxnet.co.uk/spectrum/chaos/asm/937F.html]
[zxnet.co.uk/spectrum/chaos/asm/967A.html]
[zxnet.co.uk/spectrum/chaos/asm/975F.html]
[zxnet.co.uk/spectrum/chaos/asm/980E.html]
[zxnet.co.uk/spectrum/chaos/asm/981A.html]
[zxnet.co.uk/spectrum/chaos/asm/8087.html]
[zxnet.co.uk/spectrum/chaos/images/udgs/modwizard0121.png]
[zxnet.co.uk/spectrum/chaos/images/udgs/modwizard3454.png]
[zxnet.co.uk/spectrum/chaos/images/udgs/modwizard89A9.png]
[zxnet.co.uk/spectrum/chaos/images/udgs/modwizardBCDE.png]
[zxnet.co.uk/spectrum/chaos/asm/8290.html]
[zxnet.co.uk/spectrum/chaos/asm/8300.html]
[zxnet.co.uk/spectrum/chaos/asm/8321.html]
[zxnet.co.uk/spectrum/chaos/asm/8323.html]
[zxnet.co.uk/spectrum/chaos/asm/8324.html]
[zxnet.co.uk/spectrum/chaos/asm/8357.html]
[zxnet.co.uk/spectrum/chaos/asm/8404.html]
[zxnet.co.uk/spectrum/chaos/asm/8438.html]
[zxnet.co.uk/spectrum/chaos/asm/8740.html]
[zxnet.co.uk/spectrum/chaos/asm/8741.html]
[zxnet.co.uk/spectrum/chaos/asm/8809.html]
[zxnet.co.uk/spectrum/chaos/asm/8859.html]
[zxnet.co.uk/spectrum/chaos/asm/9046.html]
[zxnet.co.uk/spectrum/chaos/asm/9049.html]
[zxnet.co.uk/spectrum/chaos/asm/9117.html]
[zxnet.co.uk/spectrum/chaos/asm/9121.html]
[zxnet.co.uk/spectrum/chaos/asm/9135.html]
[zxnet.co.uk/spectrum/chaos/asm/9149.html]
[zxnet.co.uk/spectrum/chaos/asm/9153.html]
[zxnet.co.uk/spectrum/chaos/asm/9154.html]
[zxnet.co.uk/spectrum/chaos/asm/9156.html]
[zxnet.co.uk/spectrum/chaos/asm/9166.html]
[zxnet.co.uk/spectrum/chaos/asm/9167.html]
[zxnet.co.uk/spectrum/chaos/asm/9168.html]
[zxnet.co.uk/spectrum/chaos/asm/9380.html]
[zxnet.co.uk/spectrum/chaos/asm/9382.html]
[zxnet.co.uk/spectrum/chaos/asm/9384.html]
[zxnet.co.uk/spectrum/chaos/asm/9385.html]
[zxnet.co.uk/spectrum/chaos/asm/9760.html]
[zxnet.co.uk/spectrum/chaos/asm/9786.html]
[zxnet.co.uk/spectrum/chaos/asm/9940.html]
[zxnet.co.uk/spectrum/chaos/asm/9941.html]
[zxnet.co.uk/spectrum/chaos/asm/9975.html]
[zxnet.co.uk/spectrum/chaos/asm/A1E6.html]
[zxnet.co.uk/spectrum/chaos/images/udgs/twirlsprite.png]
[zxnet.co.uk/spectrum/chaos/asm/A1E8.html]
[zxnet.co.uk/spectrum/chaos/asm/A17E.html]
[zxnet.co.uk/spectrum/chaos/asm/A18A.html]
[zxnet.co.uk/spectrum/chaos/images/udgs/twirlsprite0.png]
[zxnet.co.uk/spectrum/chaos/images/udgs/twirlsprite1.png]
[zxnet.co.uk/spectrum/chaos/images/udgs/twirlsprite2.png]
[zxnet.co.uk/spectrum/chaos/images/udgs/twirlsprite3.png]
[zxnet.co.uk/spectrum/chaos/images/udgs/twirlsprite4.png]
[zxnet.co.uk/spectrum/chaos/images/udgs/twirlsprite5.png]
[zxnet.co.uk/spectrum/chaos/images/udgs/twirlsprite6.png]
[zxnet.co.uk/spectrum/chaos/images/udgs/twirlsprite7.png]
[zxnet.co.uk/spectrum/chaos/images/udgs/twirlsprite8.png]
[zxnet.co.uk/spectrum/chaos/asm/A20C.html]
[zxnet.co.uk/spectrum/chaos/images/udgs/twirlsprite9.png]
[zxnet.co.uk/spectrum/chaos/asm/A172.html]
[zxnet.co.uk/spectrum/chaos/asm/A173.html]
[zxnet.co.uk/spectrum/chaos/asm/A188.html]
[zxnet.co.uk/spectrum/chaos/images/udgs/explosionsprite.png]
[zxnet.co.uk/spectrum/chaos/images/udgs/explosionsprite0.png]
[zxnet.co.uk/spectrum/chaos/images/udgs/explosionsprite1.png]
[zxnet.co.uk/spectrum/chaos/images/udgs/explosionsprite2.png]
[zxnet.co.uk/spectrum/chaos/images/udgs/explosionsprite3.png]
[zxnet.co.uk/spectrum/chaos/images/udgs/explosionsprite4.png]
[zxnet.co.uk/spectrum/chaos/images/udgs/explosionsprite5.png]
[zxnet.co.uk/spectrum/chaos/images/udgs/explosionsprite6.png]
[zxnet.co.uk/spectrum/chaos/asm/A345.html]
[zxnet.co.uk/spectrum/chaos/asm/A425.html]
[zxnet.co.uk/spectrum/chaos/asm/ABFC.html]
[zxnet.co.uk/spectrum/chaos/asm/ABFD.html]
[zxnet.co.uk/spectrum/chaos/asm/ABFF.html]
[zxnet.co.uk/spectrum/chaos/asm/AC0A.html]
[zxnet.co.uk/spectrum/chaos/asm/AC0C.html]
[zxnet.co.uk/spectrum/chaos/asm/AC0D.html]
[zxnet.co.uk/spectrum/chaos/asm/AC0E.html]
[zxnet.co.uk/spectrum/chaos/asm/AC0F.html]
[zxnet.co.uk/spectrum/chaos/asm/AC00.html]
[zxnet.co.uk/spectrum/chaos/asm/AC01.html]
[zxnet.co.uk/spectrum/chaos/asm/AC02.html]
[zxnet.co.uk/spectrum/chaos/asm/AC03.html]
[zxnet.co.uk/spectrum/chaos/asm/AC04.html]
[zxnet.co.uk/spectrum/chaos/asm/AC06.html]
[zxnet.co.uk/spectrum/chaos/asm/AC07.html]
[zxnet.co.uk/spectrum/chaos/asm/AC08.html]
[zxnet.co.uk/spectrum/chaos/asm/AC09.html]
[zxnet.co.uk/spectrum/chaos/asm/AC1E.html]
[zxnet.co.uk/spectrum/chaos/asm/AC2E.html]
[zxnet.co.uk/spectrum/chaos/asm/AC2F.html]
[zxnet.co.uk/spectrum/chaos/asm/AC10.html]
[zxnet.co.uk/spectrum/chaos/asm/AC11.html]
[zxnet.co.uk/spectrum/chaos/asm/AC12.html]
[zxnet.co.uk/spectrum/chaos/asm/AC14.html]
[zxnet.co.uk/spectrum/chaos/asm/AC16.html]
[zxnet.co.uk/spectrum/chaos/asm/AC26.html]
[zxnet.co.uk/spectrum/chaos/asm/AC30.html]
[zxnet.co.uk/spectrum/chaos/asm/AC31.html]
[zxnet.co.uk/spectrum/chaos/asm/AC32.html]
[zxnet.co.uk/spectrum/chaos/asm/AC33.html]
[zxnet.co.uk/spectrum/chaos/asm/AC34.html]
[zxnet.co.uk/spectrum/chaos/asm/AC35.html]
[zxnet.co.uk/spectrum/chaos/asm/AC36.html]
[zxnet.co.uk/spectrum/chaos/asm/ACC6.html]
[zxnet.co.uk/spectrum/chaos/asm/ACED.html]
[zxnet.co.uk/spectrum/chaos/asm/AECC.html]
[zxnet.co.uk/spectrum/chaos/asm/B0A8.html]
[zxnet.co.uk/spectrum/chaos/asm/B3C3.html]
[zxnet.co.uk/spectrum/chaos/asm/B3C4.html]
[zxnet.co.uk/spectrum/chaos/asm/B3C5.html]
[zxnet.co.uk/spectrum/chaos/asm/B3C6.html]
[zxnet.co.uk/spectrum/chaos/asm/B3C7.html]
[zxnet.co.uk/spectrum/chaos/asm/B3C9.html]
[zxnet.co.uk/spectrum/chaos/asm/B7D3.html]
[zxnet.co.uk/spectrum/chaos/asm/B7FD.html]
[zxnet.co.uk/spectrum/chaos/asm/B8BD.html]
[zxnet.co.uk/spectrum/chaos/asm/B8DD.html]
[zxnet.co.uk/spectrum/chaos/asm/B60B.html]
[zxnet.co.uk/spectrum/chaos/asm/B60C.html]
[zxnet.co.uk/spectrum/chaos/asm/B60D.html]
[zxnet.co.uk/spectrum/chaos/asm/B76A.html]
[zxnet.co.uk/spectrum/chaos/asm/B76B.html]
[zxnet.co.uk/spectrum/chaos/asm/B76D.html]
[zxnet.co.uk/spectrum/chaos/asm/B81C.html]
[zxnet.co.uk/spectrum/chaos/asm/B161.html]
[zxnet.co.uk/spectrum/chaos/asm/B162.html]
[zxnet.co.uk/spectrum/chaos/asm/B163.html]
[zxnet.co.uk/spectrum/chaos/asm/B164.html]
[zxnet.co.uk/spectrum/chaos/asm/B165.html]
[zxnet.co.uk/spectrum/chaos/asm/B166.html]
[zxnet.co.uk/spectrum/chaos/asm/B168.html]
[zxnet.co.uk/spectrum/chaos/asm/B374.html]
[zxnet.co.uk/spectrum/chaos/asm/B375.html]
[zxnet.co.uk/spectrum/chaos/asm/B626.html]
[zxnet.co.uk/spectrum/chaos/asm/B746.html]
[zxnet.co.uk/spectrum/chaos/asm/B754.html]
[zxnet.co.uk/spectrum/chaos/asm/B755.html]
[zxnet.co.uk/spectrum/chaos/asm/B769.html]
[zxnet.co.uk/spectrum/chaos/asm/B844.html]
[zxnet.co.uk/spectrum/chaos/asm/B845.html]
[zxnet.co.uk/spectrum/chaos/asm/BA75.html]
[zxnet.co.uk/spectrum/chaos/asm/BA77.html]
[zxnet.co.uk/spectrum/chaos/asm/BABE.html]
[zxnet.co.uk/spectrum/chaos/asm/BAD6.html]
[zxnet.co.uk/spectrum/chaos/asm/BAEE.html]
[zxnet.co.uk/spectrum/chaos/asm/BAFB.html]
[zxnet.co.uk/spectrum/chaos/images/udgs/bordersprite0.png]
[zxnet.co.uk/spectrum/chaos/images/udgs/bordersprite1.png]
[zxnet.co.uk/spectrum/chaos/images/udgs/bordersprite2.png]
[zxnet.co.uk/spectrum/chaos/images/udgs/bordersprite3.png]
[zxnet.co.uk/spectrum/chaos/images/udgs/bordersprite4.png]
[zxnet.co.uk/spectrum/chaos/images/udgs/bordersprite5.png]
[zxnet.co.uk/spectrum/chaos/images/udgs/bordersprite6.png]
[zxnet.co.uk/spectrum/chaos/asm/BB15.html]
[zxnet.co.uk/spectrum/chaos/images/udgs/bordersprite7.png]
[zxnet.co.uk/spectrum/chaos/asm/BB55.html]
[zxnet.co.uk/spectrum/chaos/asm/BB57.html]
[zxnet.co.uk/spectrum/chaos/asm/BBB0.html]
[zxnet.co.uk/spectrum/chaos/asm/BBCC.html]
[zxnet.co.uk/spectrum/chaos/asm/BBE7.html]
[zxnet.co.uk/spectrum/chaos/asm/BC6C.html]
[zxnet.co.uk/spectrum/chaos/asm/BC7D.html]
[zxnet.co.uk/spectrum/chaos/asm/BC8D.html]
[zxnet.co.uk/spectrum/chaos/asm/BC72.html]
[zxnet.co.uk/spectrum/chaos/asm/BC83.html]
[zxnet.co.uk/spectrum/chaos/asm/BC94.html]
[zxnet.co.uk/spectrum/chaos/asm/BC96.html]
[zxnet.co.uk/spectrum/chaos/asm/BDA5.html]
[zxnet.co.uk/spectrum/chaos/asm/BDD1.html]
[zxnet.co.uk/spectrum/chaos/asm/BDE7.html]
[zxnet.co.uk/spectrum/chaos/asm/BE0A.html]
[zxnet.co.uk/spectrum/chaos/asm/BE21.html]
[zxnet.co.uk/spectrum/chaos/asm/BE52.html]
[zxnet.co.uk/spectrum/chaos/asm/BE94.html]
[zxnet.co.uk/spectrum/chaos/asm/BEB2.html]
[zxnet.co.uk/spectrum/chaos/asm/BED7.html]
[zxnet.co.uk/spectrum/chaos/asm/BEE8.html]
[zxnet.co.uk/spectrum/chaos/asm/BEE9.html]
[zxnet.co.uk/spectrum/chaos/asm/BEEB.html]
[zxnet.co.uk/spectrum/chaos/asm/BEED.html]
[zxnet.co.uk/spectrum/chaos/asm/BEEE.html]
[zxnet.co.uk/spectrum/chaos/asm/BEEF.html]
[zxnet.co.uk/spectrum/chaos/images/udgs/attackeffect.png]
[zxnet.co.uk/spectrum/chaos/images/udgs/attackeffectsprite0.png]
[zxnet.co.uk/spectrum/chaos/images/udgs/attackeffectsprite1.png]
[zxnet.co.uk/spectrum/chaos/images/udgs/attackeffectsprite2.png]
[zxnet.co.uk/spectrum/chaos/images/udgs/attackeffectsprite3.png]
[zxnet.co.uk/spectrum/chaos/asm/BF37.html]
[zxnet.co.uk/spectrum/chaos/images/udgs/WOOP_Dsprite.png]
[zxnet.co.uk/spectrum/chaos/images/udgs/WOOP_Dsprite0.png]
[zxnet.co.uk/spectrum/chaos/images/udgs/WOOP_Dsprite1.png]
[zxnet.co.uk/spectrum/chaos/images/udgs/WOOP_Dsprite2.png]
[zxnet.co.uk/spectrum/chaos/images/udgs/WOOP_Dsprite3.png]
[zxnet.co.uk/spectrum/chaos/images/udgs/WOOP_Dsprite4.png]
[zxnet.co.uk/spectrum/chaos/images/udgs/WOOP_Dsprite5.png]
[zxnet.co.uk/spectrum/chaos/images/udgs/WOOP_Dsprite6.png]
[zxnet.co.uk/spectrum/chaos/images/udgs/WOOP_Dsprite7.png]
[zxnet.co.uk/spectrum/chaos/images/udgs/WOOP_Dsprite8.png]
[zxnet.co.uk/spectrum/chaos/asm/BFB7.html]
[zxnet.co.uk/spectrum/chaos/asm/C0D7.html]
[zxnet.co.uk/spectrum/chaos/asm/C0D8.html]
[zxnet.co.uk/spectrum/chaos/asm/C0DD.html]
[zxnet.co.uk/spectrum/chaos/asm/C2A7.html]
[zxnet.co.uk/spectrum/chaos/asm/C2B1.html]
[zxnet.co.uk/spectrum/chaos/asm/C2BB.html]
[zxnet.co.uk/spectrum/chaos/asm/C2C5.html]
[zxnet.co.uk/spectrum/chaos/asm/C2CF.html]
[zxnet.co.uk/spectrum/chaos/asm/C2D9.html]
[zxnet.co.uk/spectrum/chaos/asm/C2E3.html]
[zxnet.co.uk/spectrum/chaos/asm/C2E8.html]
[zxnet.co.uk/spectrum/chaos/asm/C2F2.html]
[zxnet.co.uk/spectrum/chaos/asm/C2F3.html]
[zxnet.co.uk/spectrum/chaos/asm/C2F5.html]
[zxnet.co.uk/spectrum/chaos/asm/C2F6.html]
[zxnet.co.uk/spectrum/chaos/asm/C3A0.html]
[zxnet.co.uk/spectrum/chaos/asm/C3A1.html]
[zxnet.co.uk/spectrum/chaos/asm/C3A2.html]
[zxnet.co.uk/spectrum/chaos/asm/C3A3.html]
[zxnet.co.uk/spectrum/chaos/asm/C3A4.html]
[zxnet.co.uk/spectrum/chaos/asm/C3A5.html]
[zxnet.co.uk/spectrum/chaos/asm/C3B3.html]
[zxnet.co.uk/spectrum/chaos/asm/C5EE.html]
[zxnet.co.uk/spectrum/chaos/asm/C5FC.html]
[zxnet.co.uk/spectrum/chaos/asm/C6D4.html]
[zxnet.co.uk/spectrum/chaos/asm/C7BB.html]
[zxnet.co.uk/spectrum/chaos/asm/C7BC.html]
[zxnet.co.uk/spectrum/chaos/asm/C8B7.html]
[zxnet.co.uk/spectrum/chaos/asm/C8B9.html]
[zxnet.co.uk/spectrum/chaos/asm/C8C7.html]
[zxnet.co.uk/spectrum/chaos/asm/C9D4.html]
[zxnet.co.uk/spectrum/chaos/asm/C24D.html]
[zxnet.co.uk/spectrum/chaos/asm/C26B.html]
[zxnet.co.uk/spectrum/chaos/asm/C27F.html]
[zxnet.co.uk/spectrum/chaos/asm/C29D.html]
[zxnet.co.uk/spectrum/chaos/asm/C33A.html]
[zxnet.co.uk/spectrum/chaos/images/udgs/cursorsprite0.png]
[zxnet.co.uk/spectrum/chaos/images/udgs/cursorsprite1.png]
[zxnet.co.uk/spectrum/chaos/images/udgs/cursorsprite2.png]
[zxnet.co.uk/spectrum/chaos/asm/C33D.html]
[zxnet.co.uk/spectrum/chaos/asm/C39D.html]
[zxnet.co.uk/spectrum/chaos/asm/C39E.html]
[zxnet.co.uk/spectrum/chaos/asm/C39F.html]
[zxnet.co.uk/spectrum/chaos/asm/C63D.html]
[zxnet.co.uk/spectrum/chaos/asm/C64B.html]
[zxnet.co.uk/spectrum/chaos/asm/C64C.html]
[zxnet.co.uk/spectrum/chaos/asm/C67A.html]
[zxnet.co.uk/spectrum/chaos/asm/C78B.html]
[zxnet.co.uk/spectrum/chaos/asm/C78D.html]
[zxnet.co.uk/spectrum/chaos/images/udgs/dragonbreath.png]
[zxnet.co.uk/spectrum/chaos/images/udgs/dragonbreathsprite0.png]
[zxnet.co.uk/spectrum/chaos/images/udgs/dragonbreathsprite1.png]
[zxnet.co.uk/spectrum/chaos/images/udgs/dragonbreathsprite2.png]
[zxnet.co.uk/spectrum/chaos/images/udgs/dragonbreathsprite3.png]
[zxnet.co.uk/spectrum/chaos/images/udgs/dragonbreathsprite4.png]
[zxnet.co.uk/spectrum/chaos/images/udgs/dragonbreathsprite5.png]
[zxnet.co.uk/spectrum/chaos/images/udgs/dragonbreathsprite6.png]
[zxnet.co.uk/spectrum/chaos/images/udgs/dragonbreathsprite7.png]
[zxnet.co.uk/spectrum/chaos/images/udgs/dragonbreathsprite8.png]
[zxnet.co.uk/spectrum/chaos/asm/C123.html]
[zxnet.co.uk/spectrum/chaos/asm/C243.html]
[zxnet.co.uk/spectrum/chaos/asm/C257.html]
[zxnet.co.uk/spectrum/chaos/asm/C261.html]
[zxnet.co.uk/spectrum/chaos/asm/C275.html]
[zxnet.co.uk/spectrum/chaos/asm/C289.html]
[zxnet.co.uk/spectrum/chaos/asm/C293.html]
[zxnet.co.uk/spectrum/chaos/asm/C612.html]
[zxnet.co.uk/spectrum/chaos/asm/C649.html]
[zxnet.co.uk/spectrum/chaos/asm/C679.html]
[zxnet.co.uk/spectrum/chaos/asm/C703.html]
[zxnet.co.uk/spectrum/chaos/asm/C710.html]
[zxnet.co.uk/spectrum/chaos/asm/C825.html]
[zxnet.co.uk/spectrum/chaos/asm/C858.html]
[zxnet.co.uk/spectrum/chaos/asm/C859.html]
[zxnet.co.uk/spectrum/chaos/asm/C955.html]
[zxnet.co.uk/spectrum/chaos/asm/CA7C.html]
[zxnet.co.uk/spectrum/chaos/asm/CA16.html]
[zxnet.co.uk/spectrum/chaos/asm/CA18.html]
[zxnet.co.uk/spectrum/chaos/asm/CA19.html]
[zxnet.co.uk/spectrum/chaos/asm/CA92.html]
[zxnet.co.uk/spectrum/chaos/asm/CBB8.html]
[zxnet.co.uk/spectrum/chaos/asm/CBB9.html]
[zxnet.co.uk/spectrum/chaos/asm/CBC7.html]
[zxnet.co.uk/spectrum/chaos/asm/CC55.html]
[zxnet.co.uk/spectrum/chaos/asm/CC56.html]
[zxnet.co.uk/spectrum/chaos/asm/CCC3.html]
[zxnet.co.uk/spectrum/chaos/asm/CD2A.html]
[zxnet.co.uk/spectrum/chaos/asm/CD3A.html]
[zxnet.co.uk/spectrum/chaos/asm/CD3C.html]
[zxnet.co.uk/spectrum/chaos/asm/CD86.html]
[zxnet.co.uk/spectrum/chaos/asm/CD88.html]
[zxnet.co.uk/spectrum/chaos/asm/CD90.html]
[zxnet.co.uk/spectrum/chaos/asm/CD92.html]
[zxnet.co.uk/spectrum/chaos/asm/CDAA.html]
[zxnet.co.uk/spectrum/chaos/asm/CDB8.html]
[zxnet.co.uk/spectrum/chaos/asm/CDC0.html]
[zxnet.co.uk/spectrum/chaos/asm/CDD3.html]
[zxnet.co.uk/spectrum/chaos/asm/CFCB.html]
[zxnet.co.uk/spectrum/chaos/asm/D3F0.html]
[zxnet.co.uk/spectrum/chaos/asm/D3F2.html]
[zxnet.co.uk/spectrum/chaos/asm/D5EC.html]
[zxnet.co.uk/spectrum/chaos/asm/D7A6.html]
[zxnet.co.uk/spectrum/chaos/asm/D7EE.html]
[zxnet.co.uk/spectrum/chaos/asm/D8DE.html]
[zxnet.co.uk/spectrum/chaos/asm/D52E.html]
[zxnet.co.uk/spectrum/chaos/asm/D82D.html]
[zxnet.co.uk/spectrum/chaos/asm/D391.html]
[zxnet.co.uk/spectrum/chaos/asm/D392.html]
[zxnet.co.uk/spectrum/chaos/asm/D588.html]
[zxnet.co.uk/spectrum/chaos/asm/D602.html]
[zxnet.co.uk/spectrum/chaos/asm/D651.html]
[zxnet.co.uk/spectrum/chaos/asm/D652.html]
[zxnet.co.uk/spectrum/chaos/asm/D686.html]
[zxnet.co.uk/spectrum/chaos/asm/D702.html]
[zxnet.co.uk/spectrum/chaos/asm/D732.html]
[zxnet.co.uk/spectrum/chaos/asm/D763.html]
[zxnet.co.uk/spectrum/chaos/asm/D887.html]
[zxnet.co.uk/spectrum/chaos/images/udgs/font20.png]
[zxnet.co.uk/spectrum/chaos/images/udgs/font21.png]
[zxnet.co.uk/spectrum/chaos/images/udgs/font22.png]
[zxnet.co.uk/spectrum/chaos/images/udgs/font23.png]
[zxnet.co.uk/spectrum/chaos/images/udgs/font24.png]
[zxnet.co.uk/spectrum/chaos/images/udgs/font25.png]
[zxnet.co.uk/spectrum/chaos/images/udgs/font26.png]
[zxnet.co.uk/spectrum/chaos/images/udgs/font27.png]
[zxnet.co.uk/spectrum/chaos/images/udgs/font28.png]
[zxnet.co.uk/spectrum/chaos/images/udgs/font29.png]
[zxnet.co.uk/spectrum/chaos/images/udgs/font2A.png]
[zxnet.co.uk/spectrum/chaos/images/udgs/font2B.png]
[zxnet.co.uk/spectrum/chaos/images/udgs/font2C.png]
[zxnet.co.uk/spectrum/chaos/images/udgs/font2D.png]
[zxnet.co.uk/spectrum/chaos/images/udgs/font2E.png]
[zxnet.co.uk/spectrum/chaos/images/udgs/font2F.png]
[zxnet.co.uk/spectrum/chaos/images/udgs/font30.png]
[zxnet.co.uk/spectrum/chaos/images/udgs/font31.png]
[zxnet.co.uk/spectrum/chaos/images/udgs/font32.png]
[zxnet.co.uk/spectrum/chaos/images/udgs/font33.png]
[zxnet.co.uk/spectrum/chaos/images/udgs/font34.png]
[zxnet.co.uk/spectrum/chaos/images/udgs/font35.png]
[zxnet.co.uk/spectrum/chaos/images/udgs/font36.png]
[zxnet.co.uk/spectrum/chaos/images/udgs/font37.png]
[zxnet.co.uk/spectrum/chaos/images/udgs/font38.png]
[zxnet.co.uk/spectrum/chaos/images/udgs/font39.png]
[zxnet.co.uk/spectrum/chaos/images/udgs/font3A.png]
[zxnet.co.uk/spectrum/chaos/images/udgs/font3B.png]
[zxnet.co.uk/spectrum/chaos/images/udgs/font3C.png]
[zxnet.co.uk/spectrum/chaos/images/udgs/font3D.png]
[zxnet.co.uk/spectrum/chaos/images/udgs/font3E.png]
[zxnet.co.uk/spectrum/chaos/images/udgs/font3F.png]
[zxnet.co.uk/spectrum/chaos/images/udgs/font40.png]
[zxnet.co.uk/spectrum/chaos/images/udgs/font41.png]
[zxnet.co.uk/spectrum/chaos/images/udgs/font42.png]
[zxnet.co.uk/spectrum/chaos/images/udgs/font43.png]
[zxnet.co.uk/spectrum/chaos/images/udgs/font44.png]
[zxnet.co.uk/spectrum/chaos/images/udgs/font45.png]
[zxnet.co.uk/spectrum/chaos/images/udgs/font46.png]
[zxnet.co.uk/spectrum/chaos/images/udgs/font47.png]
[zxnet.co.uk/spectrum/chaos/images/udgs/font48.png]
[zxnet.co.uk/spectrum/chaos/images/udgs/font49.png]
[zxnet.co.uk/spectrum/chaos/images/udgs/font4A.png]
[zxnet.co.uk/spectrum/chaos/images/udgs/font4B.png]
[zxnet.co.uk/spectrum/chaos/images/udgs/font4C.png]
[zxnet.co.uk/spectrum/chaos/images/udgs/font4D.png]
[zxnet.co.uk/spectrum/chaos/images/udgs/font4E.png]
[zxnet.co.uk/spectrum/chaos/images/udgs/font4F.png]
[zxnet.co.uk/spectrum/chaos/images/udgs/font50.png]
[zxnet.co.uk/spectrum/chaos/images/udgs/font51.png]
[zxnet.co.uk/spectrum/chaos/images/udgs/font52.png]
[zxnet.co.uk/spectrum/chaos/images/udgs/font53.png]
[zxnet.co.uk/spectrum/chaos/images/udgs/font54.png]
[zxnet.co.uk/spectrum/chaos/images/udgs/font55.png]
[zxnet.co.uk/spectrum/chaos/images/udgs/font56.png]
[zxnet.co.uk/spectrum/chaos/images/udgs/font57.png]
[zxnet.co.uk/spectrum/chaos/images/udgs/font58.png]
[zxnet.co.uk/spectrum/chaos/images/udgs/font59.png]
[zxnet.co.uk/spectrum/chaos/images/udgs/font5A.png]
[zxnet.co.uk/spectrum/chaos/images/udgs/font5B.png]
[zxnet.co.uk/spectrum/chaos/images/udgs/font5C.png]
[zxnet.co.uk/spectrum/chaos/images/udgs/font5D.png]
[zxnet.co.uk/spectrum/chaos/images/udgs/font5E.png]
[zxnet.co.uk/spectrum/chaos/images/udgs/font5F.png]
[zxnet.co.uk/spectrum/chaos/images/udgs/font60.png]
[zxnet.co.uk/spectrum/chaos/images/udgs/font61.png]
[zxnet.co.uk/spectrum/chaos/images/udgs/font62.png]
[zxnet.co.uk/spectrum/chaos/images/udgs/font63.png]
[zxnet.co.uk/spectrum/chaos/images/udgs/font64.png]
[zxnet.co.uk/spectrum/chaos/images/udgs/font65.png]
[zxnet.co.uk/spectrum/chaos/images/udgs/font66.png]
[zxnet.co.uk/spectrum/chaos/images/udgs/font67.png]
[zxnet.co.uk/spectrum/chaos/images/udgs/font68.png]
[zxnet.co.uk/spectrum/chaos/images/udgs/font69.png]
[zxnet.co.uk/spectrum/chaos/images/udgs/font6A.png]
[zxnet.co.uk/spectrum/chaos/images/udgs/font6B.png]
[zxnet.co.uk/spectrum/chaos/images/udgs/font6C.png]
[zxnet.co.uk/spectrum/chaos/images/udgs/font6D.png]
[zxnet.co.uk/spectrum/chaos/images/udgs/font6E.png]
[zxnet.co.uk/spectrum/chaos/images/udgs/font6F.png]
[zxnet.co.uk/spectrum/chaos/images/udgs/font70.png]
[zxnet.co.uk/spectrum/chaos/images/udgs/font71.png]
[zxnet.co.uk/spectrum/chaos/images/udgs/font72.png]
[zxnet.co.uk/spectrum/chaos/images/udgs/font73.png]
[zxnet.co.uk/spectrum/chaos/images/udgs/font74.png]
[zxnet.co.uk/spectrum/chaos/images/udgs/font75.png]
[zxnet.co.uk/spectrum/chaos/images/udgs/font76.png]
[zxnet.co.uk/spectrum/chaos/images/udgs/font77.png]
[zxnet.co.uk/spectrum/chaos/images/udgs/font78.png]
[zxnet.co.uk/spectrum/chaos/images/udgs/font79.png]
[zxnet.co.uk/spectrum/chaos/images/udgs/font7A.png]
[zxnet.co.uk/spectrum/chaos/images/udgs/font7B.png]
[zxnet.co.uk/spectrum/chaos/images/udgs/font7C.png]
[zxnet.co.uk/spectrum/chaos/images/udgs/font7D.png]
[zxnet.co.uk/spectrum/chaos/images/udgs/font7E.png]
[zxnet.co.uk/spectrum/chaos/asm/D908.html]
[zxnet.co.uk/spectrum/chaos/images/udgs/font7F.png]
[zxnet.co.uk/spectrum/chaos/asm/DF0C.html]
[zxnet.co.uk/spectrum/chaos/asm/DF0F.html]
[zxnet.co.uk/spectrum/chaos/asm/DF08.html]
[zxnet.co.uk/spectrum/chaos/asm/DF4A.html]
[zxnet.co.uk/spectrum/chaos/asm/DF4C.html]
[zxnet.co.uk/spectrum/chaos/asm/DF4E.html]
[zxnet.co.uk/spectrum/chaos/asm/DF47.html]
[zxnet.co.uk/spectrum/chaos/asm/DF72.html]
[zxnet.co.uk/spectrum/chaos/asm/E0C0.html]
[zxnet.co.uk/spectrum/chaos/asm/E005.html]
[zxnet.co.uk/spectrum/chaos/asm/E007.html]
[zxnet.co.uk/spectrum/chaos/asm/E01F.html]
[zxnet.co.uk/spectrum/chaos/asm/E2A0.html]
[zxnet.co.uk/spectrum/chaos/asm/E3E0.html]
[zxnet.co.uk/spectrum/chaos/asm/E160.html]
[zxnet.co.uk/spectrum/chaos/asm/E200.html]
[zxnet.co.uk/spectrum/chaos/asm/E340.html]
[zxnet.co.uk/spectrum/chaos/images/udgs/nothingcoloured.png]
[zxnet.co.uk/spectrum/chaos/images/udgs/kingcobracoloured.png]
[zxnet.co.uk/spectrum/chaos/images/udgs/deadkingcobracoloured.png]
[zxnet.co.uk/spectrum/chaos/images/udgs/batcoloured.png]
[zxnet.co.uk/spectrum/chaos/images/udgs/deadbatcoloured.png]
[zxnet.co.uk/spectrum/chaos/images/udgs/blobcoloured.png]
[zxnet.co.uk/spectrum/chaos/images/udgs/deadblobcoloured.png]
[zxnet.co.uk/spectrum/chaos/images/udgs/direwolfcoloured.png]
[zxnet.co.uk/spectrum/chaos/images/udgs/deaddirewolfcoloured.png]
[zxnet.co.uk/spectrum/chaos/images/udgs/spectrecoloured.png]
[zxnet.co.uk/spectrum/chaos/images/udgs/deadspectrecoloured.png]
[zxnet.co.uk/spectrum/chaos/images/udgs/goblincoloured.png]
[zxnet.co.uk/spectrum/chaos/images/udgs/deadgoblincoloured.png]
[zxnet.co.uk/spectrum/chaos/images/udgs/crocodilecoloured.png]
[zxnet.co.uk/spectrum/chaos/images/udgs/deadcrocodilecoloured.png]
[zxnet.co.uk/spectrum/chaos/images/udgs/greendragoncoloured.png]
[zxnet.co.uk/spectrum/chaos/images/udgs/deadgreendragoncoloured.png]
[zxnet.co.uk/spectrum/chaos/images/udgs/vampirecoloured.png]
[zxnet.co.uk/spectrum/chaos/images/udgs/deadvampirecoloured.png]
[zxnet.co.uk/spectrum/chaos/images/udgs/fauncoloured.png]
[zxnet.co.uk/spectrum/chaos/images/udgs/deadfauncoloured.png]
[zxnet.co.uk/spectrum/chaos/images/udgs/lioncoloured.png]
[zxnet.co.uk/spectrum/chaos/images/udgs/deadlioncoloured.png]
[zxnet.co.uk/spectrum/chaos/images/udgs/gryphoncoloured.png]
[zxnet.co.uk/spectrum/chaos/images/udgs/deadgryphoncoloured.png]
[zxnet.co.uk/spectrum/chaos/images/udgs/elfcoloured.png]
[zxnet.co.uk/spectrum/chaos/images/udgs/deadelfcoloured.png]
[zxnet.co.uk/spectrum/chaos/images/udgs/horsecoloured.png]
[zxnet.co.uk/spectrum/chaos/images/udgs/deadhorsecoloured.png]
[zxnet.co.uk/spectrum/chaos/images/udgs/orccoloured.png]
[zxnet.co.uk/spectrum/chaos/images/udgs/deadorccoloured.png]
[zxnet.co.uk/spectrum/chaos/images/udgs/reddragoncoloured.png]
[zxnet.co.uk/spectrum/chaos/images/udgs/deadreddragoncoloured.png]
[zxnet.co.uk/spectrum/chaos/images/udgs/redfirecoloured.png]
[zxnet.co.uk/spectrum/chaos/images/udgs/manticorecoloured.png]
[zxnet.co.uk/spectrum/chaos/images/udgs/deadmanticorecoloured.png]
[zxnet.co.uk/spectrum/chaos/images/udgs/trollcoloured.png]
[zxnet.co.uk/spectrum/chaos/images/udgs/deadtrollcoloured.png]
[zxnet.co.uk/spectrum/chaos/images/udgs/unicorncoloured.png]
[zxnet.co.uk/spectrum/chaos/images/udgs/deadunicorncoloured.png]
[zxnet.co.uk/spectrum/chaos/images/udgs/ghostcoloured.png]
[zxnet.co.uk/spectrum/chaos/images/udgs/wraithcoloured.png]
[zxnet.co.uk/spectrum/chaos/images/udgs/bearcoloured.png]
[zxnet.co.uk/spectrum/chaos/images/udgs/deadbearcoloured.png]
[zxnet.co.uk/spectrum/chaos/images/udgs/gorillacoloured.png]
[zxnet.co.uk/spectrum/chaos/images/udgs/deadgorillacoloured.png]
[zxnet.co.uk/spectrum/chaos/images/udgs/skeletoncoloured.png]
[zxnet.co.uk/spectrum/chaos/images/udgs/ogrecoloured.png]
[zxnet.co.uk/spectrum/chaos/images/udgs/deadogrecoloured.png]
[zxnet.co.uk/spectrum/chaos/images/udgs/zombiecoloured.png]
[zxnet.co.uk/spectrum/chaos/images/udgs/harpycoloured.png]
[zxnet.co.uk/spectrum/chaos/images/udgs/deadharpycoloured.png]
[zxnet.co.uk/spectrum/chaos/images/udgs/pegasuscoloured.png]
[zxnet.co.uk/spectrum/chaos/images/udgs/deadpegasuscoloured.png]
[zxnet.co.uk/spectrum/chaos/images/udgs/eaglecoloured.png]
[zxnet.co.uk/spectrum/chaos/images/udgs/deadeaglecoloured.png]
[zxnet.co.uk/spectrum/chaos/images/udgs/hydracoloured.png]
[zxnet.co.uk/spectrum/chaos/images/udgs/deadhydracoloured.png]
[zxnet.co.uk/spectrum/chaos/images/udgs/giantratcoloured.png]
[zxnet.co.uk/spectrum/chaos/images/udgs/deadgiantratcoloured.png]
[zxnet.co.uk/spectrum/chaos/images/udgs/centaurcoloured.png]
[zxnet.co.uk/spectrum/chaos/images/udgs/deadcentaurcoloured.png]
[zxnet.co.uk/spectrum/chaos/images/udgs/giantcoloured.png]
[zxnet.co.uk/spectrum/chaos/images/udgs/deadgiantcoloured.png]
[zxnet.co.uk/spectrum/chaos/images/udgs/goldendragoncoloured.png]
[zxnet.co.uk/spectrum/chaos/images/udgs/deadgoldendragoncoloured.png]
[zxnet.co.uk/spectrum/chaos/images/udgs/darkcitadelcoloured.png]
[zxnet.co.uk/spectrum/chaos/images/udgs/deaddarkcitadelcoloured.png]
[zxnet.co.uk/spectrum/chaos/images/udgs/magiccastlecoloured.png]
[zxnet.co.uk/spectrum/chaos/images/udgs/shadowwoodcoloured.png]
[zxnet.co.uk/spectrum/chaos/images/udgs/magicwoodcoloured.png]
[zxnet.co.uk/spectrum/chaos/asm/E440.html]
[zxnet.co.uk/spectrum/chaos/images/udgs/wallcoloured.png]
[zxnet.co.uk/spectrum/chaos/images/udgs/wizard0coloured.png]
[zxnet.co.uk/spectrum/chaos/images/udgs/wizard1coloured.png]
[zxnet.co.uk/spectrum/chaos/images/udgs/wizard2coloured.png]
[zxnet.co.uk/spectrum/chaos/images/udgs/wizard3coloured.png]
[zxnet.co.uk/spectrum/chaos/images/udgs/wizard4coloured.png]
[zxnet.co.uk/spectrum/chaos/images/udgs/wizard5coloured.png]
[zxnet.co.uk/spectrum/chaos/images/udgs/wizard6coloured.png]
[zxnet.co.uk/spectrum/chaos/asm/EA39.html]
[zxnet.co.uk/spectrum/chaos/images/udgs/wizard7coloured.png]
[zxnet.co.uk/spectrum/chaos/images/udgs/nothingsprite.png]
[zxnet.co.uk/spectrum/chaos/images/udgs/kingcobrasprite0.png]
[zxnet.co.uk/spectrum/chaos/images/udgs/kingcobrasprite1.png]
[zxnet.co.uk/spectrum/chaos/images/udgs/kingcobrasprite2.png]
[zxnet.co.uk/spectrum/chaos/images/udgs/deadbatsprite.png]
[zxnet.co.uk/spectrum/chaos/images/udgs/batsprite0.png]
[zxnet.co.uk/spectrum/chaos/images/udgs/batsprite1.png]
[zxnet.co.uk/spectrum/chaos/images/udgs/batsprite2.png]
[zxnet.co.uk/spectrum/chaos/images/udgs/deadcobrasprite.png]
[zxnet.co.uk/spectrum/chaos/images/udgs/blobsprite0.png]
[zxnet.co.uk/spectrum/chaos/images/udgs/blobsprite1.png]
[zxnet.co.uk/spectrum/chaos/images/udgs/blobsprite2.png]
[zxnet.co.uk/spectrum/chaos/images/udgs/deadblobsprite.png]
[zxnet.co.uk/spectrum/chaos/images/udgs/wolfsprite0.png]
[zxnet.co.uk/spectrum/chaos/images/udgs/wolfsprite1.png]
[zxnet.co.uk/spectrum/chaos/images/udgs/wolfsprite2.png]
[zxnet.co.uk/spectrum/chaos/images/udgs/deadwolfsprite.png]
[zxnet.co.uk/spectrum/chaos/images/udgs/spectresprite.png]
[zxnet.co.uk/spectrum/chaos/images/udgs/deadspectresprite.png]
[zxnet.co.uk/spectrum/chaos/images/udgs/goblinsprite0.png]
[zxnet.co.uk/spectrum/chaos/images/udgs/goblinsprite1.png]
[zxnet.co.uk/spectrum/chaos/images/udgs/goblinsprite2.png]
[zxnet.co.uk/spectrum/chaos/images/udgs/deadgoblinsprite.png]
[zxnet.co.uk/spectrum/chaos/images/udgs/crocodilesprite0.png]
[zxnet.co.uk/spectrum/chaos/images/udgs/crocodilesprite1.png]
[zxnet.co.uk/spectrum/chaos/images/udgs/crocodilesprite2.png]
[zxnet.co.uk/spectrum/chaos/images/udgs/deadcrocodilesprite.png]
[zxnet.co.uk/spectrum/chaos/images/udgs/greendragonsprite0.png]
[zxnet.co.uk/spectrum/chaos/images/udgs/greendragonsprite1.png]
[zxnet.co.uk/spectrum/chaos/images/udgs/greendragonsprite2.png]
[zxnet.co.uk/spectrum/chaos/images/udgs/deaddragonsprite.png]
[zxnet.co.uk/spectrum/chaos/images/udgs/vampiresprite0.png]
[zxnet.co.uk/spectrum/chaos/images/udgs/vampiresprite1.png]
[zxnet.co.uk/spectrum/chaos/images/udgs/vampiresprite2.png]
[zxnet.co.uk/spectrum/chaos/images/udgs/deadvampiresprite.png]
[zxnet.co.uk/spectrum/chaos/images/udgs/faunsprite0.png]
[zxnet.co.uk/spectrum/chaos/images/udgs/faunsprite1.png]
[zxnet.co.uk/spectrum/chaos/images/udgs/faunsprite2.png]
[zxnet.co.uk/spectrum/chaos/images/udgs/deadfaunsprite.png]
[zxnet.co.uk/spectrum/chaos/images/udgs/lionsprite0.png]
[zxnet.co.uk/spectrum/chaos/images/udgs/lionsprite1.png]
[zxnet.co.uk/spectrum/chaos/images/udgs/lionsprite2.png]
[zxnet.co.uk/spectrum/chaos/images/udgs/deadlionsprite.png]
[zxnet.co.uk/spectrum/chaos/images/udgs/gryphonsprite0.png]
[zxnet.co.uk/spectrum/chaos/images/udgs/gryphonsprite1.png]
[zxnet.co.uk/spectrum/chaos/images/udgs/gryphonsprite2.png]
[zxnet.co.uk/spectrum/chaos/images/udgs/deadgryphonsprite.png]
[zxnet.co.uk/spectrum/chaos/images/udgs/elfsprite0.png]
[zxnet.co.uk/spectrum/chaos/images/udgs/elfsprite1.png]
[zxnet.co.uk/spectrum/chaos/images/udgs/elfsprite2.png]
[zxnet.co.uk/spectrum/chaos/images/udgs/elfsprite3.png]
[zxnet.co.uk/spectrum/chaos/images/udgs/deadelfsprite.png]
[zxnet.co.uk/spectrum/chaos/images/udgs/horsesprite0.png]
[zxnet.co.uk/spectrum/chaos/images/udgs/horsesprite1.png]
[zxnet.co.uk/spectrum/chaos/images/udgs/horsesprite2.png]
[zxnet.co.uk/spectrum/chaos/images/udgs/deadhorsesprite.png]
[zxnet.co.uk/spectrum/chaos/images/udgs/orcsprite0.png]
[zxnet.co.uk/spectrum/chaos/images/udgs/orcsprite1.png]
[zxnet.co.uk/spectrum/chaos/images/udgs/orcsprite2.png]
[zxnet.co.uk/spectrum/chaos/images/udgs/deadorcsprite.png]
[zxnet.co.uk/spectrum/chaos/images/udgs/reddragonsprite0.png]
[zxnet.co.uk/spectrum/chaos/images/udgs/reddragonsprite1.png]
[zxnet.co.uk/spectrum/chaos/images/udgs/firesprite0.png]
[zxnet.co.uk/spectrum/chaos/images/udgs/firesprite1.png]
[zxnet.co.uk/spectrum/chaos/images/udgs/firesprite2.png]
[zxnet.co.uk/spectrum/chaos/images/udgs/firesprite3.png]
[zxnet.co.uk/spectrum/chaos/images/udgs/manticoresprite0.png]
[zxnet.co.uk/spectrum/chaos/images/udgs/manticoresprite1.png]
[zxnet.co.uk/spectrum/chaos/images/udgs/manticoresprite2.png]
[zxnet.co.uk/spectrum/chaos/images/udgs/deadmanticoresprite.png]
[zxnet.co.uk/spectrum/chaos/images/udgs/trollsprite0.png]
[zxnet.co.uk/spectrum/chaos/images/udgs/trollsprite1.png]
[zxnet.co.uk/spectrum/chaos/images/udgs/trollsprite2.png]
[zxnet.co.uk/spectrum/chaos/images/udgs/deadtrollsprite.png]
[zxnet.co.uk/spectrum/chaos/images/udgs/unicornsprite0.png]
[zxnet.co.uk/spectrum/chaos/images/udgs/unicornsprite1.png]
[zxnet.co.uk/spectrum/chaos/images/udgs/unicornsprite2.png]
[zxnet.co.uk/spectrum/chaos/images/udgs/deadunicornsprite.png]
[zxnet.co.uk/spectrum/chaos/images/udgs/ghostsprite0.png]
[zxnet.co.uk/spectrum/chaos/images/udgs/ghostsprite1.png]
[zxnet.co.uk/spectrum/chaos/images/udgs/ghostsprite2.png]
[zxnet.co.uk/spectrum/chaos/images/udgs/ghostsprite3.png]
[zxnet.co.uk/spectrum/chaos/images/udgs/wraithsprite0.png]
[zxnet.co.uk/spectrum/chaos/images/udgs/wraithsprite1.png]
[zxnet.co.uk/spectrum/chaos/images/udgs/wraithsprite2.png]
[zxnet.co.uk/spectrum/chaos/images/udgs/wraithsprite3.png]
[zxnet.co.uk/spectrum/chaos/images/udgs/bearsprite0.png]
[zxnet.co.uk/spectrum/chaos/images/udgs/bearsprite1.png]
[zxnet.co.uk/spectrum/chaos/images/udgs/bearsprite2.png]
[zxnet.co.uk/spectrum/chaos/images/udgs/deadbearsprite.png]
[zxnet.co.uk/spectrum/chaos/images/udgs/gorillasprite0.png]
[zxnet.co.uk/spectrum/chaos/images/udgs/gorillasprite1.png]
[zxnet.co.uk/spectrum/chaos/images/udgs/gorillasprite2.png]
[zxnet.co.uk/spectrum/chaos/images/udgs/deadgorillasprite.png]
[zxnet.co.uk/spectrum/chaos/images/udgs/skeletonsprite0.png]
[zxnet.co.uk/spectrum/chaos/images/udgs/skeletonsprite1.png]
[zxnet.co.uk/spectrum/chaos/images/udgs/skeletonsprite2.png]
[zxnet.co.uk/spectrum/chaos/images/udgs/ogresprite0.png]
[zxnet.co.uk/spectrum/chaos/images/udgs/ogresprite1.png]
[zxnet.co.uk/spectrum/chaos/images/udgs/ogresprite2.png]
[zxnet.co.uk/spectrum/chaos/images/udgs/deadogresprite.png]
[zxnet.co.uk/spectrum/chaos/images/udgs/zombiesprite0.png]
[zxnet.co.uk/spectrum/chaos/images/udgs/zombiesprite1.png]
[zxnet.co.uk/spectrum/chaos/images/udgs/zombiesprite2.png]
[zxnet.co.uk/spectrum/chaos/images/udgs/zombiesprite3.png]
[zxnet.co.uk/spectrum/chaos/images/udgs/harpysprite0.png]
[zxnet.co.uk/spectrum/chaos/images/udgs/harpysprite1.png]
[zxnet.co.uk/spectrum/chaos/images/udgs/harpysprite2.png]
[zxnet.co.uk/spectrum/chaos/images/udgs/deadharpysprite.png]
[zxnet.co.uk/spectrum/chaos/images/udgs/pegasussprite0.png]
[zxnet.co.uk/spectrum/chaos/images/udgs/pegasussprite1.png]
[zxnet.co.uk/spectrum/chaos/images/udgs/pegasussprite2.png]
[zxnet.co.uk/spectrum/chaos/images/udgs/deadpegasussprite.png]
[zxnet.co.uk/spectrum/chaos/images/udgs/eaglesprite0.png]
[zxnet.co.uk/spectrum/chaos/images/udgs/eaglesprite1.png]
[zxnet.co.uk/spectrum/chaos/images/udgs/eaglesprite2.png]
[zxnet.co.uk/spectrum/chaos/images/udgs/deadeaglesprite.png]
[zxnet.co.uk/spectrum/chaos/images/udgs/hydrasprite0.png]
[zxnet.co.uk/spectrum/chaos/images/udgs/hydrasprite1.png]
[zxnet.co.uk/spectrum/chaos/images/udgs/hydrasprite2.png]
[zxnet.co.uk/spectrum/chaos/images/udgs/deadhydrasprite.png]
[zxnet.co.uk/spectrum/chaos/images/udgs/giantratsprite0.png]
[zxnet.co.uk/spectrum/chaos/images/udgs/giantratsprite1.png]
[zxnet.co.uk/spectrum/chaos/images/udgs/giantratsprite2.png]
[zxnet.co.uk/spectrum/chaos/images/udgs/deadgiantratsprite.png]
[zxnet.co.uk/spectrum/chaos/images/udgs/centaursprite0.png]
[zxnet.co.uk/spectrum/chaos/images/udgs/centaursprite1.png]
[zxnet.co.uk/spectrum/chaos/images/udgs/centaursprite2.png]
[zxnet.co.uk/spectrum/chaos/images/udgs/deadcentaursprite.png]
[zxnet.co.uk/spectrum/chaos/images/udgs/giantsprite0.png]
[zxnet.co.uk/spectrum/chaos/images/udgs/giantsprite1.png]
[zxnet.co.uk/spectrum/chaos/images/udgs/giantsprite2.png]
[zxnet.co.uk/spectrum/chaos/images/udgs/deadgiantsprite.png]
[zxnet.co.uk/spectrum/chaos/images/udgs/goldendragonsprite0.png]
[zxnet.co.uk/spectrum/chaos/images/udgs/goldendragonsprite1.png]
[zxnet.co.uk/spectrum/chaos/images/udgs/goldendragonsprite2.png]
[zxnet.co.uk/spectrum/chaos/images/udgs/deadgoldendragonsprite.png]
[zxnet.co.uk/spectrum/chaos/images/udgs/darkcitadelsprite.png]
[zxnet.co.uk/spectrum/chaos/images/udgs/magiccastlesprite.png]
[zxnet.co.uk/spectrum/chaos/images/udgs/shadowwoodsprite.png]
[zxnet.co.uk/spectrum/chaos/images/udgs/magicwoodsprite.png]
[zxnet.co.uk/spectrum/chaos/images/udgs/wallsprite.png]
[zxnet.co.uk/spectrum/chaos/asm/EB51.html]
[zxnet.co.uk/spectrum/chaos/images/udgs/character1sprite.png]
[zxnet.co.uk/spectrum/chaos/images/udgs/character2sprite.png]
[zxnet.co.uk/spectrum/chaos/images/udgs/character3sprite.png]
[zxnet.co.uk/spectrum/chaos/images/udgs/character4sprite.png]
[zxnet.co.uk/spectrum/chaos/images/udgs/character5sprite.png]
[zxnet.co.uk/spectrum/chaos/images/udgs/character6sprite.png]
[zxnet.co.uk/spectrum/chaos/images/udgs/character7sprite.png]
[zxnet.co.uk/spectrum/chaos/images/udgs/character8sprite.png]
[zxnet.co.uk/spectrum/chaos/asm/FD34.html]
[zxnet.co.uk/spectrum/chaos/asm/FE5D.html]
[zxnet.co.uk/spectrum/chaos/asm/FE34.html]
[zxnet.co.uk/spectrum/chaos/asm/FE56.html]
[zxnet.co.uk/spectrum/chaos/asm/FE60.html]
[zxnet.co.uk/spectrum/chaos/asm/FE67.html]
[zxnet.co.uk/spectrum/chaos/asm/FE69.html]
[zxnet.co.uk/spectrum/chaos/asm/FE71.html]
[zxnet.co.uk/spectrum/chaos/asm/FFFF.html]
[zxnet.co.uk/spectrum/chaos/asm/indexb70a.html]
[zxnet.co.uk/spectrum/chaos/asm/index72c9.html]
[zxnet.co.uk/spectrum/chaos/asm/index5851.html]
[zxnet.co.uk/spectrum/chaos/asm/indexad3f.html]
[zxnet.co.uk/spectrum/chaos/skoolkit.css]
[zxnet.co.uk/spectrum/chaos/skoolkit-zxnet.css]
